// Jest Snapshot v1, https://goo.gl/fbAQLP

exports[`SignupScreen1 renders correctly 1`] = `
<View>
  <Button
    onPress={[Function]}
    title="gwwwweeee"
  />
</View>
`;
